kotlin version: 2.2.10
error message: java.lang.OutOfMemoryError: Java heap space
	at java.base/java.util.Arrays.copyOf(Unknown Source)
	at java.base/java.io.ByteArrayOutputStream.ensureCapacity(Unknown Source)
	at java.base/java.io.ByteArrayOutputStream.write(Unknown Source)
	at java.base/java.io.ByteArrayOutputStream.writeTo(Unknown Source)
	at org.jetbrains.kotlin.wasm.ir.convertors.ByteWriter$OutputStream.write(WasmIrToBinary.kt:803)
	at org.jetbrains.kotlin.wasm.ir.convertors.WasmIrToBinary.withVarUInt32PayloadSizePrepended(WasmIrToBinary.kt:359)
	at org.jetbrains.kotlin.wasm.ir.convertors.WasmIrToBinary.appendSection-hrJef0E(WasmIrToBinary.kt:340)
	at org.jetbrains.kotlin.wasm.ir.convertors.WasmIrToBinary.appendSection-hrJef0E$default(WasmIrToBinary.kt:338)
	at org.jetbrains.kotlin.wasm.ir.convertors.WasmIrToBinary.appendTextSection(WasmIrToBinary.kt:203)
	at org.jetbrains.kotlin.wasm.ir.convertors.WasmIrToBinary.appendWasmModule(WasmIrToBinary.kt:195)
	at org.jetbrains.kotlin.backend.wasm.WasmCompilerKt.compileWasm-RrbjFdM(wasmCompiler.kt:195)
	at org.jetbrains.kotlin.cli.pipeline.web.wasm.WasmBackendPipelinePhase.compileNonIncrementally$cli_js(WasmBackendPipelinePhase.kt:180)
	at org.jetbrains.kotlin.cli.pipeline.web.wasm.WasmBackendPipelinePhase.compileNonIncrementally(WasmBackendPipelinePhase.kt:106)
	at org.jetbrains.kotlin.cli.pipeline.web.wasm.WasmBackendPipelinePhase.compileNonIncrementally(WasmBackendPipelinePhase.kt:37)
	at org.jetbrains.kotlin.cli.pipeline.web.WebBackendPipelinePhase.executePhase(WebBackendPipelinePhase.kt:127)
	at org.jetbrains.kotlin.cli.pipeline.web.WebBackendPipelinePhase.executePhase(WebBackendPipelinePhase.kt:30)
	at org.jetbrains.kotlin.cli.pipeline.PipelinePhase.phaseBody(PipelinePhase.kt:68)
	at org.jetbrains.kotlin.cli.pipeline.PipelinePhase.phaseBody(PipelinePhase.kt:58)
	at org.jetbrains.kotlin.config.phaser.NamedCompilerPhase.invoke(CompilerPhase.kt:102)
	at org.jetbrains.kotlin.backend.common.phaser.CompositePhase.invoke(PhaseBuilders.kt:22)
	at org.jetbrains.kotlin.config.phaser.CompilerPhaseKt.invokeToplevel(CompilerPhase.kt:53)
	at org.jetbrains.kotlin.cli.pipeline.AbstractCliPipeline.runPhasedPipeline(AbstractCliPipeline.kt:109)
	at org.jetbrains.kotlin.cli.pipeline.AbstractCliPipeline.execute(AbstractCliPipeline.kt:68)
	at org.jetbrains.kotlin.cli.js.K2JSCompiler.doExecutePhased(K2JSCompiler.kt:66)
	at org.jetbrains.kotlin.cli.js.K2JSCompiler.doExecutePhased(K2JSCompiler.kt:53)
	at org.jetbrains.kotlin.cli.common.CLICompiler.execImpl(CLICompiler.kt:90)
	at org.jetbrains.kotlin.cli.common.CLICompiler.exec(CLICompiler.kt:352)
	at org.jetbrains.kotlin.daemon.CompileServiceImpl.compile(CompileServiceImpl.kt:1701)
	at java.base/java.lang.invoke.LambdaForm$DMH/0x0000000800198400.invokeInterface(LambdaForm$DMH)
	at java.base/java.lang.invoke.LambdaForm$MH/0x000000080019b800.invoke(LambdaForm$MH)
	at java.base/java.lang.invoke.Invokers$Holder.invokeExact_MT(Unknown Source)
	at java.base/jdk.internal.reflect.DirectMethodHandleAccessor.invokeImpl(Unknown Source)


